[0.293s] Invoking command in '/home/clgpoulain/ros2_ws/build/my_robot_bringup': /usr/bin/cmake /home/clgpoulain/ros2_ws/src/my_robot_bringup -DCMAKE_INSTALL_PREFIX=/home/clgpoulain/ros2_ws/install/my_robot_bringup
[0.778s] -- The C compiler identification is GNU 11.4.0
[0.778s] -- The CXX compiler identification is GNU 11.4.0
[0.809s] -- Detecting C compiler ABI info
[0.924s] -- Detecting C compiler ABI info - done
[0.925s] -- Check for working C compiler: /usr/bin/cc - skipped
[0.926s] -- Detecting C compile features
[0.941s] -- Detecting C compile features - done
[0.946s] -- Detecting CXX compiler ABI info
[1.046s] -- Detecting CXX compiler ABI info - done
[1.057s] -- Check for working CXX compiler: /usr/bin/c++ - skipped
[1.058s] -- Detecting CXX compile features
[1.058s] -- Detecting CXX compile features - done
[1.106s] -- Found ament_cmake: 1.3.8 (/opt/ros/humble/share/ament_cmake/cmake)
[1.365s] -- Found Python3: /usr/bin/python3 (found version "3.10.12") found components: Interpreter 
[1.625s] Error parsing '/home/clgpoulain/ros2_ws/src/my_robot_bringup/package.xml':
[1.772s] Traceback (most recent call last):
[1.772s]   File "/usr/lib/python3/dist-packages/catkin_pkg/package.py", line 610, in parse_package_string
[1.780s]     root = dom.parseString(data)
[1.780s]   File "/usr/lib/python3.10/xml/dom/minidom.py", line 2000, in parseString
[1.815s]     return expatbuilder.parseString(string)
[1.815s]   File "/usr/lib/python3.10/xml/dom/expatbuilder.py", line 925, in parseString
[1.819s]     return builder.parseString(string)
[1.819s]   File "/usr/lib/python3.10/xml/dom/expatbuilder.py", line 223, in parseString
[1.819s]     parser.Parse(string, True)
[1.819s] xml.parsers.expat.ExpatError: mismatched tag: line 22, column 2
[1.819s] 
[1.819s] During handling of the above exception, another exception occurred:
[1.819s] 
[1.819s] Traceback (most recent call last):
[1.820s]   File "/opt/ros/humble/share/ament_cmake_core/cmake/core/package_xml_2_cmake.py", line 150, in <module>
[1.820s]     main()
[1.820s]   File "/opt/ros/humble/share/ament_cmake_core/cmake/core/package_xml_2_cmake.py", line 53, in main
[1.820s]     raise e
[1.820s]   File "/opt/ros/humble/share/ament_cmake_core/cmake/core/package_xml_2_cmake.py", line 49, in main
[1.820s]     package = parse_package_string(
[1.820s]   File "/usr/lib/python3/dist-packages/catkin_pkg/package.py", line 612, in parse_package_string
[1.820s]     raise InvalidPackage('The manifest contains invalid XML:\n%s' % ex, filename)
[1.821s] catkin_pkg.package.InvalidPackage: Error(s) in package '/home/clgpoulain/ros2_ws/src/my_robot_bringup/package.xml':
[1.821s] The manifest contains invalid XML:
[1.821s] mismatched tag: line 22, column 2
[1.840s] [31mCMake Error at /opt/ros/humble/share/ament_cmake_core/cmake/core/ament_package_xml.cmake:95 (message):
[1.841s]   execute_process(/usr/bin/python3
[1.841s]   /opt/ros/humble/share/ament_cmake_core/cmake/core/package_xml_2_cmake.py
[1.841s]   /home/clgpoulain/ros2_ws/src/my_robot_bringup/package.xml
[1.841s]   /home/clgpoulain/ros2_ws/build/my_robot_bringup/ament_cmake_core/package.cmake)
[1.841s]   returned error code 1
[1.841s] Call Stack (most recent call first):
[1.841s]   /opt/ros/humble/share/ament_cmake_core/cmake/core/ament_package_xml.cmake:49 (_ament_package_xml)
[1.841s]   /opt/ros/humble/share/ament_cmake_core/cmake/core/ament_package.cmake:63 (ament_package_xml)
[1.841s]   CMakeLists.txt:16 (ament_package)
[1.841s] 
[1.842s] [0m
[1.842s] -- Configuring incomplete, errors occurred!
[1.842s] See also "/home/clgpoulain/ros2_ws/build/my_robot_bringup/CMakeFiles/CMakeOutput.log".
[1.846s] Invoked command in '/home/clgpoulain/ros2_ws/build/my_robot_bringup' returned '1': /usr/bin/cmake /home/clgpoulain/ros2_ws/src/my_robot_bringup -DCMAKE_INSTALL_PREFIX=/home/clgpoulain/ros2_ws/install/my_robot_bringup
